LX51 LINKER/LOCATER V4.41                                                               05/30/2023  16:50:03  PAGE 1


LX51 LINKER/LOCATER V4.41, INVOKED BY:
D:\LABORATORY\C51\BIN\LX51.EXE .\Objects\STARTUP.obj, .\Objects\mian.obj TO .\Objects\lcd PRINT (.\Listings\lcd.map)


CPU MODE:     8051 MODE
MEMORY MODEL: SMALL


INPUT MODULES INCLUDED:
  .\Objects\STARTUP.obj (?C_STARTUP)
         COMMENT TYPE 1: A51 / ASM51 Assembler
  .\Objects\mian.obj (MIAN)
         COMMENT TYPE 0: C51 V9.01
  D:\LABORATORY\C51\LIB\C51S.LIB (?C_INIT)
         COMMENT TYPE 1: A51 / ASM51 Assembler


ACTIVE MEMORY CLASSES OF MODULE:  .\Objects\lcd (?C_STARTUP)

BASE        START       END         USED      MEMORY CLASS
==========================================================
C:000000H   C:000000H   C:00FFFFH   0004DCH   CODE
I:000000H   I:000000H   I:0000FFH   000001H   IDATA
I:000000H   I:000000H   I:00007FH   000038H   DATA
C:000000H   C:000000H   C:00FFFFH   00000AH   CONST


MEMORY MAP OF MODULE:  .\Objects\lcd (?C_STARTUP)


START     STOP      LENGTH    ALIGN  RELOC    MEMORY CLASS   SEGMENT NAME
=========================================================================

* * * * * * * * * * *   D A T A   M E M O R Y   * * * * * * * * * * * * *
000000H   000007H   000008H   ---    AT..     DATA           "REG BANK 0"
000008H   000021H   00001AH   BYTE   UNIT     DATA           ?DT?MIAN
000022H   000037H   000016H   BYTE   UNIT     DATA           _DATA_GROUP_
000038H   000038H   000001H   BYTE   UNIT     IDATA          ?STACK

* * * * * * * * * * *   C O D E   M E M O R Y   * * * * * * * * * * * * *
000000H   000002H   000003H   ---    OFFS..   CODE           ?CO??C_STARTUP?0
000003H   0007FFH   0007FDH   ---    ---      **GAP**
000800H   000C11H   000412H   BYTE   UNIT     CODE           ?PR?MAIN?MIAN
000C12H   000C9DH   00008CH   BYTE   UNIT     CODE           ?C_C51STARTUP
000C9EH   000CC9H   00002CH   BYTE   UNIT     CODE           ?PR?_DELAY?MIAN
000CCAH   000CD8H   00000FH   BYTE   UNIT     CODE           ?C_INITSEG
000CD9H   000CE2H   00000AH   BYTE   UNIT     CONST          ?CO?MIAN



OVERLAY MAP OF MODULE:   .\Objects\lcd (?C_STARTUP)


FUNCTION/MODULE              BIT_GROUP   DATA_GROUP 
--> CALLED FUNCTION/MODULE  START  STOP  START  STOP
====================================================
?C_C51STARTUP               ----- -----  ----- -----
  +--> ?PR?MAIN?MIAN
  +--> ?C_INITSEG

MAIN/MIAN                   ----- -----  0022H 0037H
  +--> ?PR?_DELAY?MIAN
  +--> ?CO?MIAN

_DELAY/MIAN                 ----- -----  ----- -----

LX51 LINKER/LOCATER V4.41                                                             05/30/2023  16:50:03  PAGE 2


?CO?MIAN                    ----- -----  ----- -----

?C_INITSEG                  ----- -----  ----- -----



PUBLIC SYMBOLS OF MODULE:  .\Objects\lcd (?C_STARTUP)


      VALUE       CLASS    TYPE      PUBLIC SYMBOL NAME
      =================================================
      00000000H   NUMBER   ---       ?C?CODESEG
      00000000H   NUMBER   ---       ?C?XDATASEG
      01000C59H   CODE     ---       ?C_START
      01000000H   CODE     ---       ?C_STARTUP
      01000CAAH   CODE     ---       _delay
*SFR* 000000D0H.6 DATA     BIT       AC
*SFR* 000000E0H   DATA     BYTE      ACC
*SFR* 000000F0H   DATA     BYTE      B
*SFR* 000000A0H.5 DATA     BIT       bee
*SFR* 000000C8H.1 DATA     BIT       C_T2
*SFR* 000000C8H   DATA     BIT       CP_RL2
*SFR* 000000D0H.7 DATA     BIT       CY
*SFR* 00000083H   DATA     BYTE      DPH
*SFR* 00000082H   DATA     BYTE      DPL
      01000CD9H   CONST    ---       DSY
*SFR* 000000A8H.7 DATA     BIT       EA
*SFR* 000000A8H.4 DATA     BIT       ES
*SFR* 000000A8H.1 DATA     BIT       ET0
*SFR* 000000A8H.3 DATA     BIT       ET1
*SFR* 000000A8H.5 DATA     BIT       ET2
*SFR* 000000A8H   DATA     BIT       EX0
*SFR* 000000A8H.2 DATA     BIT       EX1
*SFR* 000000C8H.3 DATA     BIT       EXEN2
*SFR* 000000C8H.6 DATA     BIT       EXF2
*SFR* 000000D0H.5 DATA     BIT       F0
*SFR* 000000A8H   DATA     BYTE      IE
*SFR* 00000088H.1 DATA     BIT       IE0
*SFR* 00000088H.3 DATA     BIT       IE1
*SFR* 000000B0H.2 DATA     BIT       INT0
*SFR* 000000B0H.3 DATA     BIT       INT1
*SFR* 000000B8H   DATA     BYTE      IP
*SFR* 00000088H   DATA     BIT       IT0
*SFR* 00000088H.2 DATA     BIT       IT1
      00000010H   DATA     INT       key
*SFR* 000000B0H.1 DATA     BIT       KEY1
*SFR* 000000A0H   DATA     BIT       LED
*SFR* 000000A0H.2 DATA     BIT       LSA
*SFR* 000000A0H.3 DATA     BIT       LSB
*SFR* 000000A0H.4 DATA     BIT       LSC
      01000800H   CODE     ---       main
*SFR* 000000D0H.2 DATA     BIT       OV
*SFR* 000000D0H   DATA     BIT       P
*SFR* 00000080H   DATA     BYTE      P0
*SFR* 00000090H   DATA     BYTE      P1
*SFR* 000000A0H   DATA     BYTE      P2
*SFR* 000000B0H   DATA     BYTE      P3
      0000001AH   DATA     ---       password
*SFR* 00000087H   DATA     BYTE      PCON
*SFR* 000000B8H.4 DATA     BIT       PS
*SFR* 000000D0H   DATA     BYTE      PSW
*SFR* 000000B8H.1 DATA     BIT       PT0
*SFR* 000000B8H.3 DATA     BIT       PT1
*SFR* 000000B8H.5 DATA     BIT       PT2
*SFR* 000000B8H   DATA     BIT       PX0
LX51 LINKER/LOCATER V4.41                                                             05/30/2023  16:50:03  PAGE 3


*SFR* 000000B8H.2 DATA     BIT       PX1
*SFR* 00000098H.2 DATA     BIT       RB8
*SFR* 000000CBH   DATA     BYTE      RCAP2H
*SFR* 000000CAH   DATA     BYTE      RCAP2L
*SFR* 000000C8H.5 DATA     BIT       RCLK
*SFR* 000000B0H.7 DATA     BIT       RD
*SFR* 00000098H.4 DATA     BIT       REN
*SFR* 00000098H   DATA     BIT       RI
      00000008H   DATA     ---       right
*SFR* 000000D0H.3 DATA     BIT       RS0
*SFR* 000000D0H.4 DATA     BIT       RS1
*SFR* 000000B0H   DATA     BIT       RXD
*SFR* 00000099H   DATA     BYTE      SBUF
*SFR* 00000098H   DATA     BYTE      SCON
*SFR* 00000098H.7 DATA     BIT       SM0
*SFR* 00000098H.6 DATA     BIT       SM1
*SFR* 00000098H.5 DATA     BIT       SM2
*SFR* 00000081H   DATA     BYTE      SP
*SFR* 000000B0H.4 DATA     BIT       T0
*SFR* 000000B0H.5 DATA     BIT       T1
*SFR* 00000090H   DATA     BIT       T2
*SFR* 000000C8H   DATA     BYTE      T2CON
*SFR* 00000090H.1 DATA     BIT       T2EX
*SFR* 00000098H.3 DATA     BIT       TB8
*SFR* 000000C8H.4 DATA     BIT       TCLK
*SFR* 00000088H   DATA     BYTE      TCON
      00000012H   DATA     ---       temporary
*SFR* 00000088H.5 DATA     BIT       TF0
*SFR* 00000088H.7 DATA     BIT       TF1
*SFR* 000000C8H.7 DATA     BIT       TF2
*SFR* 0000008CH   DATA     BYTE      TH0
*SFR* 0000008DH   DATA     BYTE      TH1
*SFR* 000000CDH   DATA     BYTE      TH2
*SFR* 00000098H.1 DATA     BIT       TI
*SFR* 0000008AH   DATA     BYTE      TL0
*SFR* 0000008BH   DATA     BYTE      TL1
*SFR* 000000CCH   DATA     BYTE      TL2
*SFR* 00000089H   DATA     BYTE      TMOD
*SFR* 00000088H.4 DATA     BIT       TR0
*SFR* 00000088H.6 DATA     BIT       TR1
*SFR* 000000C8H.2 DATA     BIT       TR2
*SFR* 000000B0H.1 DATA     BIT       TXD
*SFR* 000000B0H.6 DATA     BIT       WR



SYMBOL TABLE OF MODULE:  .\Objects\lcd (?C_STARTUP)

      VALUE       REP       CLASS    TYPE      SYMBOL NAME
      ====================================================
      ---         MODULE    ---      ---       ?C_STARTUP
      01000000H   PUBLIC    CODE     ---       ?C_STARTUP
      000000E0H   SYMBOL    DATA     ---       ACC
      000000F0H   SYMBOL    DATA     ---       B
      00000083H   SYMBOL    DATA     ---       DPH
      00000082H   SYMBOL    DATA     ---       DPL
      00000000H   SYMBOL    NUMBER   ---       IBPSTACK
      00000100H   SYMBOL    NUMBER   ---       IBPSTACKTOP
      00000080H   SYMBOL    NUMBER   ---       IDATALEN
      01000C15H   SYMBOL    CODE     ---       IDATALOOP
      00000000H   SYMBOL    NUMBER   ---       PBPSTACK
      00000100H   SYMBOL    NUMBER   ---       PBPSTACKTOP
      00000000H   SYMBOL    NUMBER   ---       PDATALEN
      00000000H   SYMBOL    NUMBER   ---       PDATASTART
      00000000H   SYMBOL    NUMBER   ---       PPAGE
LX51 LINKER/LOCATER V4.41                                                             05/30/2023  16:50:03  PAGE 4


      00000000H   SYMBOL    NUMBER   ---       PPAGEENABLE
      000000A0H   SYMBOL    DATA     ---       PPAGE_SFR
      00000081H   SYMBOL    DATA     ---       SP
      01000C12H   SYMBOL    CODE     ---       STARTUP1
      00000000H   SYMBOL    NUMBER   ---       XBPSTACK
      00000000H   SYMBOL    NUMBER   ---       XBPSTACKTOP
      00000000H   SYMBOL    NUMBER   ---       XDATALEN
      00000000H   SYMBOL    NUMBER   ---       XDATASTART
      01000000H   LINE      CODE     ---       #126
      01000C12H   LINE      CODE     ---       #133
      01000C14H   LINE      CODE     ---       #134
      01000C15H   LINE      CODE     ---       #135
      01000C16H   LINE      CODE     ---       #136
      01000C18H   LINE      CODE     ---       #185
      01000C1BH   LINE      CODE     ---       #196

      ---         MODULE    ---      ---       MIAN
      0000001AH   PUBLIC    DATA     ---       password
      00000012H   PUBLIC    DATA     ---       temporary
      00000010H   PUBLIC    DATA     INT       key
      00000008H   PUBLIC    DATA     ---       right
      01000CD9H   PUBLIC    CONST    ---       DSY
      01000800H   PUBLIC    CODE     ---       main
      01000CAAH   PUBLIC    CODE     ---       _delay
      00000080H   SFRSYM    DATA     BYTE      P0
      00000090H   SFRSYM    DATA     BYTE      P1
      000000A0H   SFRSYM    DATA     BYTE      P2
      000000B0H   SFRSYM    DATA     BYTE      P3
      000000B0H.4 SFRSYM    DATA     BIT       T0
      000000D0H.6 SFRSYM    DATA     BIT       AC
      000000B0H.5 SFRSYM    DATA     BIT       T1
      00000090H   SFRSYM    DATA     BIT       T2
      000000A8H.7 SFRSYM    DATA     BIT       EA
      000000A8H   SFRSYM    DATA     BYTE      IE
      000000C8H.6 SFRSYM    DATA     BIT       EXF2
      000000B0H.7 SFRSYM    DATA     BIT       RD
      000000A8H.4 SFRSYM    DATA     BIT       ES
      000000B8H   SFRSYM    DATA     BYTE      IP
      000000B0H.1 SFRSYM    DATA     BIT       KEY1
      00000098H   SFRSYM    DATA     BIT       RI
      000000B0H.2 SFRSYM    DATA     BIT       INT0
      000000D0H.7 SFRSYM    DATA     BIT       CY
      00000098H.1 SFRSYM    DATA     BIT       TI
      000000B0H.3 SFRSYM    DATA     BIT       INT1
      000000CBH   SFRSYM    DATA     BYTE      RCAP2H
      000000B8H.4 SFRSYM    DATA     BIT       PS
      00000081H   SFRSYM    DATA     BYTE      SP
      00000090H.1 SFRSYM    DATA     BIT       T2EX
      000000D0H.2 SFRSYM    DATA     BIT       OV
      000000CAH   SFRSYM    DATA     BYTE      RCAP2L
      000000C8H.1 SFRSYM    DATA     BIT       C_T2
      000000B0H.6 SFRSYM    DATA     BIT       WR
      000000A0H.5 SFRSYM    DATA     BIT       bee
      000000C8H.5 SFRSYM    DATA     BIT       RCLK
      000000C8H.4 SFRSYM    DATA     BIT       TCLK
      00000099H   SFRSYM    DATA     BYTE      SBUF
      00000087H   SFRSYM    DATA     BYTE      PCON
      00000098H   SFRSYM    DATA     BYTE      SCON
      00000089H   SFRSYM    DATA     BYTE      TMOD
      00000088H   SFRSYM    DATA     BYTE      TCON
      00000088H.1 SFRSYM    DATA     BIT       IE0
      00000088H.3 SFRSYM    DATA     BIT       IE1
      000000F0H   SFRSYM    DATA     BYTE      B
      000000C8H   SFRSYM    DATA     BIT       CP_RL2
      000000E0H   SFRSYM    DATA     BYTE      ACC
LX51 LINKER/LOCATER V4.41                                                             05/30/2023  16:50:03  PAGE 5


      000000A8H.1 SFRSYM    DATA     BIT       ET0
      000000A8H.3 SFRSYM    DATA     BIT       ET1
      00000088H.5 SFRSYM    DATA     BIT       TF0
      000000A8H.5 SFRSYM    DATA     BIT       ET2
      00000088H.7 SFRSYM    DATA     BIT       TF1
      000000C8H.7 SFRSYM    DATA     BIT       TF2
      00000098H.2 SFRSYM    DATA     BIT       RB8
      0000008CH   SFRSYM    DATA     BYTE      TH0
      000000A8H   SFRSYM    DATA     BIT       EX0
      00000088H   SFRSYM    DATA     BIT       IT0
      0000008DH   SFRSYM    DATA     BYTE      TH1
      00000098H.3 SFRSYM    DATA     BIT       TB8
      000000A8H.2 SFRSYM    DATA     BIT       EX1
      00000088H.2 SFRSYM    DATA     BIT       IT1
      000000CDH   SFRSYM    DATA     BYTE      TH2
      000000D0H   SFRSYM    DATA     BIT       P
      00000098H.7 SFRSYM    DATA     BIT       SM0
      0000008AH   SFRSYM    DATA     BYTE      TL0
      00000098H.6 SFRSYM    DATA     BIT       SM1
      0000008BH   SFRSYM    DATA     BYTE      TL1
      00000098H.5 SFRSYM    DATA     BIT       SM2
      000000CCH   SFRSYM    DATA     BYTE      TL2
      000000B8H.1 SFRSYM    DATA     BIT       PT0
      000000A0H   SFRSYM    DATA     BIT       LED
      000000B8H.3 SFRSYM    DATA     BIT       PT1
      000000D0H.3 SFRSYM    DATA     BIT       RS0
      000000B8H.5 SFRSYM    DATA     BIT       PT2
      00000088H.4 SFRSYM    DATA     BIT       TR0
      000000D0H.4 SFRSYM    DATA     BIT       RS1
      00000088H.6 SFRSYM    DATA     BIT       TR1
      000000C8H.2 SFRSYM    DATA     BIT       TR2
      000000B8H   SFRSYM    DATA     BIT       PX0
      000000B8H.2 SFRSYM    DATA     BIT       PX1
      00000083H   SFRSYM    DATA     BYTE      DPH
      000000A0H.2 SFRSYM    DATA     BIT       LSA
      00000082H   SFRSYM    DATA     BYTE      DPL
      000000A0H.3 SFRSYM    DATA     BIT       LSB
      000000A0H.4 SFRSYM    DATA     BIT       LSC
      000000C8H.3 SFRSYM    DATA     BIT       EXEN2
      00000098H.4 SFRSYM    DATA     BIT       REN
      000000C8H   SFRSYM    DATA     BYTE      T2CON
      000000B0H   SFRSYM    DATA     BIT       RXD
      000000B0H.1 SFRSYM    DATA     BIT       TXD
      000000D0H.5 SFRSYM    DATA     BIT       F0
      000000D0H   SFRSYM    DATA     BYTE      PSW

      01000C9EH   BLOCK     CODE     ---       LVL=0
      ---         BLOCKEND  ---      ---       LVL=0

      01000CAAH   BLOCK     CODE     ---       LVL=0
      00000006H   SYMBOL    DATA     INT       n
      00000004H   SYMBOL    DATA     INT       t
      01000CAAH   BLOCK     CODE     NEAR LAB  LVL=1
      00000004H   SYMBOL    DATA     INT       t
      ---         BLOCKEND  ---      ---       LVL=1
      01000CAAH   LINE      CODE     ---       #22
      01000CAAH   LINE      CODE     ---       #23
      01000CAAH   LINE      CODE     ---       #24
      01000CB4H   LINE      CODE     ---       #25
      01000CC9H   LINE      CODE     ---       #26
      01000CC9H   LINE      CODE     ---       #27
      ---         BLOCKEND  ---      ---       LVL=0

      01000800H   BLOCK     CODE     ---       LVL=0
      01000800H   BLOCK     CODE     NEAR LAB  LVL=1
LX51 LINKER/LOCATER V4.41                                                             05/30/2023  16:50:03  PAGE 6


      00000022H   SYMBOL    DATA     INT       flag
      00000024H   SYMBOL    DATA     INT       sign
      00000026H   SYMBOL    DATA     INT       mark01
      00000028H   SYMBOL    DATA     INT       mark02
      0000002AH   SYMBOL    DATA     INT       mark03
      0000002CH   SYMBOL    DATA     INT       mark04
      0000002EH   SYMBOL    DATA     INT       mistake
      00000030H   SYMBOL    DATA     INT       temp
      00000032H   SYMBOL    DATA     INT       N
      00000034H   SYMBOL    DATA     INT       i
      00000036H   SYMBOL    DATA     INT       a
      ---         BLOCKEND  ---      ---       LVL=1
      01000800H   LINE      CODE     ---       #28
      01000800H   LINE      CODE     ---       #29
      01000800H   LINE      CODE     ---       #30
      01000806H   LINE      CODE     ---       #31
      0100080BH   LINE      CODE     ---       #32
      0100080FH   LINE      CODE     ---       #33
      01000813H   LINE      CODE     ---       #34
      01000817H   LINE      CODE     ---       #35
      0100081BH   LINE      CODE     ---       #36
      0100081FH   LINE      CODE     ---       #37
      01000823H   LINE      CODE     ---       #38
      01000827H   LINE      CODE     ---       #39
      0100082BH   LINE      CODE     ---       #40
      0100082FH   LINE      CODE     ---       #41
      01000831H   LINE      CODE     ---       #42
      01000834H   LINE      CODE     ---       #43
      01000837H   LINE      CODE     ---       #44
      0100083AH   LINE      CODE     ---       #45
      0100083AH   LINE      CODE     ---       #46
      0100083AH   LINE      CODE     ---       #47
      0100083AH   LINE      CODE     ---       #48
      0100083AH   LINE      CODE     ---       #49
      0100083DH   LINE      CODE     ---       #50
      01000846H   LINE      CODE     ---       #51
      01000846H   LINE      CODE     ---       #52
      0100084DH   LINE      CODE     ---       #53
      01000856H   LINE      CODE     ---       #54
      01000856H   LINE      CODE     ---       #55
      01000869H   LINE      CODE     ---       #56
      01000869H   LINE      CODE     ---       #57
      01000869H   LINE      CODE     ---       #58
      0100086DH   LINE      CODE     ---       #59
      0100086DH   LINE      CODE     ---       #60
      01000875H   LINE      CODE     ---       #61
      01000875H   LINE      CODE     ---       #62
      01000879H   LINE      CODE     ---       #63
      01000879H   LINE      CODE     ---       #64
      0100087FH   LINE      CODE     ---       #69
      0100087FH   LINE      CODE     ---       #70
      01000882H   LINE      CODE     ---       #71
      01000894H   LINE      CODE     ---       #72
      01000894H   LINE      CODE     ---       #73
      0100089BH   LINE      CODE     ---       #74
      010008A3H   LINE      CODE     ---       #75
      010008ABH   LINE      CODE     ---       #76
      010008B1H   LINE      CODE     ---       #77
      010008B1H   LINE      CODE     ---       #78
      010008B4H   LINE      CODE     ---       #79
      010008C7H   LINE      CODE     ---       #80
      010008C7H   LINE      CODE     ---       #81
      010008CFH   LINE      CODE     ---       #82
      010008D3H   LINE      CODE     ---       #83
      010008D7H   LINE      CODE     ---       #84
LX51 LINKER/LOCATER V4.41                                                             05/30/2023  16:50:03  PAGE 7


      010008E2H   LINE      CODE     ---       #85
      010008E2H   LINE      CODE     ---       #88
      010008EFH   LINE      CODE     ---       #89
      010008F7H   LINE      CODE     ---       #90
      010008F7H   LINE      CODE     ---       #91
      01000909H   LINE      CODE     ---       #92
      01000911H   LINE      CODE     ---       #93
      01000911H   LINE      CODE     ---       #94
      01000919H   LINE      CODE     ---       #95
      01000919H   LINE      CODE     ---       #96
      01000925H   LINE      CODE     ---       #97
      01000925H   LINE      CODE     ---       #98
      01000938H   LINE      CODE     ---       #99
      01000940H   LINE      CODE     ---       #100
      01000948H   LINE      CODE     ---       #102
      01000954H   LINE      CODE     ---       #105
      01000954H   LINE      CODE     ---       #106
      0100095CH   LINE      CODE     ---       #107
      0100095CH   LINE      CODE     ---       #108
      0100095CH   LINE      CODE     ---       #109
      0100095CH   LINE      CODE     ---       #110
      01000962H   LINE      CODE     ---       #111
      01000965H   LINE      CODE     ---       #112
      0100096BH   LINE      CODE     ---       #113
      0100096EH   LINE      CODE     ---       #114
      01000974H   LINE      CODE     ---       #115
      01000977H   LINE      CODE     ---       #116
      0100097DH   LINE      CODE     ---       #117
      01000980H   LINE      CODE     ---       #118
      01000982H   LINE      CODE     ---       #119
      01000982H   LINE      CODE     ---       #121
      0100098AH   LINE      CODE     ---       #122
      0100098EH   LINE      CODE     ---       #123
      01000999H   LINE      CODE     ---       #124
      0100099EH   LINE      CODE     ---       #125
      010009A2H   LINE      CODE     ---       #126
      010009A2H   LINE      CODE     ---       #127
      010009A5H   LINE      CODE     ---       #128
      010009A5H   LINE      CODE     ---       #129
      010009B8H   LINE      CODE     ---       #130
      010009BFH   LINE      CODE     ---       #131
      010009C7H   LINE      CODE     ---       #132
      010009C9H   LINE      CODE     ---       #133
      010009CEH   LINE      CODE     ---       #134
      010009CEH   LINE      CODE     ---       #135
      010009CEH   LINE      CODE     ---       #136
      010009CEH   LINE      CODE     ---       #137
      010009D4H   LINE      CODE     ---       #138
      010009DAH   LINE      CODE     ---       #139
      010009DDH   LINE      CODE     ---       #140
      010009E4H   LINE      CODE     ---       #141
      010009EAH   LINE      CODE     ---       #142
      010009EAH   LINE      CODE     ---       #143
      010009F0H   LINE      CODE     ---       #144
      010009F6H   LINE      CODE     ---       #145
      010009F9H   LINE      CODE     ---       #146
      01000A00H   LINE      CODE     ---       #147
      01000A08H   LINE      CODE     ---       #148
      01000A08H   LINE      CODE     ---       #149
      01000A0EH   LINE      CODE     ---       #150
      01000A14H   LINE      CODE     ---       #151
      01000A17H   LINE      CODE     ---       #152
      01000A1EH   LINE      CODE     ---       #153
      01000A26H   LINE      CODE     ---       #154
      01000A26H   LINE      CODE     ---       #155
LX51 LINKER/LOCATER V4.41                                                             05/30/2023  16:50:03  PAGE 8


      01000A2CH   LINE      CODE     ---       #156
      01000A32H   LINE      CODE     ---       #157
      01000A35H   LINE      CODE     ---       #158
      01000A3CH   LINE      CODE     ---       #159
      01000A44H   LINE      CODE     ---       #160
      01000A44H   LINE      CODE     ---       #174
      01000A4AH   LINE      CODE     ---       #175
      01000A51H   LINE      CODE     ---       #176
      01000A5AH   LINE      CODE     ---       #177
      01000A5AH   LINE      CODE     ---       #181
      01000A62H   LINE      CODE     ---       #182
      01000A62H   LINE      CODE     ---       #184
      01000A62H   LINE      CODE     ---       #185
      01000A6DH   LINE      CODE     ---       #186
      01000A75H   LINE      CODE     ---       #187
      01000A7AH   LINE      CODE     ---       #188
      01000A7EH   LINE      CODE     ---       #189
      01000A7EH   LINE      CODE     ---       #190
      01000A86H   LINE      CODE     ---       #191
      01000A8EH   LINE      CODE     ---       #192
      01000AA1H   LINE      CODE     ---       #193
      01000AA1H   LINE      CODE     ---       #194
      01000AA8H   LINE      CODE     ---       #195
      01000AB0H   LINE      CODE     ---       #196
      01000AB2H   LINE      CODE     ---       #197
      01000AB7H   LINE      CODE     ---       #198
      01000ABFH   LINE      CODE     ---       #199
      01000ABFH   LINE      CODE     ---       #200
      01000AC5H   LINE      CODE     ---       #201
      01000ACBH   LINE      CODE     ---       #202
      01000AD1H   LINE      CODE     ---       #203
      01000AD7H   LINE      CODE     ---       #204
      01000ADDH   LINE      CODE     ---       #205
      01000AE3H   LINE      CODE     ---       #206
      01000AE9H   LINE      CODE     ---       #207
      01000AEEH   LINE      CODE     ---       #208
      01000AF2H   LINE      CODE     ---       #209
      01000AF6H   LINE      CODE     ---       #210
      01000AFBH   LINE      CODE     ---       #211
      01000AFDH   LINE      CODE     ---       #212
      01000B04H   LINE      CODE     ---       #213
      01000B17H   LINE      CODE     ---       #214
      01000B17H   LINE      CODE     ---       #215
      01000B17H   LINE      CODE     ---       #216
      01000B17H   LINE      CODE     ---       #223
      01000B17H   LINE      CODE     ---       #224
      01000B17H   LINE      CODE     ---       #225
      01000B1DH   LINE      CODE     ---       #226
      01000B23H   LINE      CODE     ---       #227
      01000B29H   LINE      CODE     ---       #228
      01000B2FH   LINE      CODE     ---       #229
      01000B37H   LINE      CODE     ---       #230
      01000B37H   LINE      CODE     ---       #231
      01000B3BH   LINE      CODE     ---       #232
      01000B41H   LINE      CODE     ---       #233
      01000B47H   LINE      CODE     ---       #234
      01000B52H   LINE      CODE     ---       #235
      01000B57H   LINE      CODE     ---       #236
      01000B5BH   LINE      CODE     ---       #237
      01000B5BH   LINE      CODE     ---       #238
      01000B5EH   LINE      CODE     ---       #240
      01000B5EH   LINE      CODE     ---       #241
      01000B61H   LINE      CODE     ---       #242
      01000B67H   LINE      CODE     ---       #243
      01000B6DH   LINE      CODE     ---       #244
LX51 LINKER/LOCATER V4.41                                                             05/30/2023  16:50:03  PAGE 9


      01000B73H   LINE      CODE     ---       #245
      01000B79H   LINE      CODE     ---       #246
      01000B7CH   LINE      CODE     ---       #247
      01000B84H   LINE      CODE     ---       #248
      01000B86H   LINE      CODE     ---       #249
      01000B8AH   LINE      CODE     ---       #250
      01000B8AH   LINE      CODE     ---       #251
      01000B8DH   LINE      CODE     ---       #252
      01000B90H   LINE      CODE     ---       #253
      01000B92H   LINE      CODE     ---       #254
      01000B94H   LINE      CODE     ---       #255
      01000B9AH   LINE      CODE     ---       #256
      01000B9DH   LINE      CODE     ---       #257
      01000BA0H   LINE      CODE     ---       #258
      01000BA6H   LINE      CODE     ---       #259
      01000BA6H   LINE      CODE     ---       #260
      01000BA9H   LINE      CODE     ---       #261
      01000BAFH   LINE      CODE     ---       #262
      01000BAFH   LINE      CODE     ---       #263
      01000BB2H   LINE      CODE     ---       #264
      01000BB8H   LINE      CODE     ---       #265
      01000BB8H   LINE      CODE     ---       #266
      01000BBBH   LINE      CODE     ---       #267
      01000BBDH   LINE      CODE     ---       #268
      01000BBDH   LINE      CODE     ---       #269
      01000BC0H   LINE      CODE     ---       #270
      01000BC2H   LINE      CODE     ---       #271
      01000BC2H   LINE      CODE     ---       #272
      01000BC5H   LINE      CODE     ---       #273
      01000BC9H   LINE      CODE     ---       #274
      01000BC9H   LINE      CODE     ---       #275
      01000BCCH   LINE      CODE     ---       #276
      01000BD0H   LINE      CODE     ---       #277
      01000BD0H   LINE      CODE     ---       #278
      01000BD3H   LINE      CODE     ---       #279
      01000BE6H   LINE      CODE     ---       #280
      01000BEBH   LINE      CODE     ---       #281
      01000BEDH   LINE      CODE     ---       #282
      01000BEDH   LINE      CODE     ---       #284
      01000BEDH   LINE      CODE     ---       #285
      01000BEDH   LINE      CODE     ---       #286
      01000BEDH   LINE      CODE     ---       #287
      01000BF6H   LINE      CODE     ---       #288
      01000BFDH   LINE      CODE     ---       #289
      01000C06H   LINE      CODE     ---       #290
      01000C06H   LINE      CODE     ---       #293
      01000C0BH   LINE      CODE     ---       #294
      01000C0FH   LINE      CODE     ---       #295
      01000C0FH   LINE      CODE     ---       #296
      ---         BLOCKEND  ---      ---       LVL=0

      ---         MODULE    ---      ---       ?C_INIT
      01000C59H   PUBLIC    CODE     ---       ?C_START

******************************************************************************
* RESTRICTED VERSION WITH 0800H BYTE CODE SIZE LIMIT; USED: 0465H BYTE (54%) *
******************************************************************************

Program Size: data=57.0 xdata=0 const=10 code=1244
LX51 RUN COMPLETE.  0 WARNING(S),  0 ERROR(S)
